# CATALOGUE — toutes les adresses de l'AbletonOSC installé. GÉNÉRÉ, ne pas éditer.
#   régénérer :  python3 tools/gen_catalogue.py
#
# 276 adresses. Chacune a déjà son numéro : il n'y a qu'à retirer le « # ».
#
# ⚠ Le canal 16 est vérifié libre (0 CC utilisé par le rig, 0 mappage Cmd+M dans le
#   set Funk). Les canaux 15 et 14, où déborde la fin du catalogue, portent des
#   presets Evy inactifs et un CC 100 du profil Live : VÉRIFIER avant de décommenter.
#
# Conventions :  set/…  → send (la valeur du CC devient l'argument $a)
#                get/…  → watch (la réponse de Live revient en CC)
#                le reste → send sans argument (une méthode : play, undo, fire…)
#   Les adresses qui exigent un INDEX (piste, scène, device) le prennent en premier
#   argument : $track et $scene valent la sélection courante, observée par la passerelle.

group   catalogue
target  127.0.0.1:11000 -> 11001


# ══ song ══════════════════════════════════════════════
# send  cc 16 0   /live/song/capture_and_insert_scene
# send  cc 16 1   /live/song/capture_midi
# send  cc 16 2   /live/song/continue_playing
# send  cc 16 3   /live/song/create_audio_track
# send  cc 16 4   /live/song/create_midi_track
# send  cc 16 5   /live/song/create_return_track
# send  cc 16 6   /live/song/create_scene
# send  cc 16 7   /live/song/cue_point/add_or_delete
# send  cc 16 8   /live/song/cue_point/jump
# send  cc 16 9   /live/song/cue_point/set/name $a
# send  cc 16 10  /live/song/delete_return_track
# send  cc 16 11  /live/song/delete_scene
# send  cc 16 12  /live/song/delete_track
# send  cc 16 13  /live/song/duplicate_scene
# send  cc 16 14  /live/song/duplicate_track
# send  cc 16 15  /live/song/export/structure
# send  cc 16 16  /live/song/force_link_beat_time
# watch /live/song/get/arrangement_overdub 0  ->  cc 16 17
# watch /live/song/get/back_to_arranger 0  ->  cc 16 18
# watch /live/song/get/can_redo 0  ->  cc 16 19
# watch /live/song/get/can_undo 0  ->  cc 16 50
# watch /live/song/get/clip_trigger_quantization 0  ->  cc 16 51
# watch /live/song/get/cue_points 0  ->  cc 16 52
# watch /live/song/get/current_song_time 0  ->  cc 16 53
# watch /live/song/get/groove_amount 0  ->  cc 16 54
# watch /live/song/get/is_ableton_link_enabled 0  ->  cc 16 55
# watch /live/song/get/is_playing 0  ->  cc 16 56
# watch /live/song/get/loop 0  ->  cc 16 57
# watch /live/song/get/loop_length 0  ->  cc 16 58
# watch /live/song/get/loop_start 0  ->  cc 16 59
# watch /live/song/get/metronome 0  ->  cc 16 96
# watch /live/song/get/midi_recording_quantization 0  ->  cc 16 97
# watch /live/song/get/nudge_down 0  ->  cc 16 98
# watch /live/song/get/nudge_up 0  ->  cc 16 99
# watch /live/song/get/num_scenes 0  ->  cc 16 110
# watch /live/song/get/num_tracks 0  ->  cc 16 111
# watch /live/song/get/punch_in 0  ->  cc 16 112
# watch /live/song/get/punch_out 0  ->  cc 16 113
# watch /live/song/get/record_mode 0  ->  cc 16 114
# watch /live/song/get/root_note 0  ->  cc 16 115
# watch /live/song/get/scale_name 0  ->  cc 16 116
# watch /live/song/get/scenes/name 0  ->  cc 16 117
# watch /live/song/get/session_record 0  ->  cc 16 118
# watch /live/song/get/session_record_status 0  ->  cc 16 119
# watch /live/song/get/signature_denominator 0  ->  cc 16 120
# watch /live/song/get/signature_numerator 0  ->  cc 16 121
# watch /live/song/get/song_length 0  ->  cc 16 122
# watch /live/song/get/tempo 0  ->  cc 16 123
# watch /live/song/get/track_data 0  ->  cc 16 124
# watch /live/song/get/track_names 0  ->  cc 16 125
# send  cc 16 126 /live/song/jump_by
# send  cc 16 127 /live/song/jump_to_next_cue
# send  cc 15 0   /live/song/jump_to_prev_cue
# send  cc 15 1   /live/song/re_enable_automation
# send  cc 15 2   /live/song/redo
# send  cc 15 3   /live/song/set/arrangement_overdub $a
# send  cc 15 4   /live/song/set/back_to_arranger $a
# send  cc 15 5   /live/song/set/clip_trigger_quantization $a
# send  cc 15 6   /live/song/set/current_song_time $a
# send  cc 15 7   /live/song/set/groove_amount $a
# send  cc 15 8   /live/song/set/is_ableton_link_enabled $a
# send  cc 15 9   /live/song/set/loop $a
# send  cc 15 10  /live/song/set/loop_length $a
# send  cc 15 11  /live/song/set/loop_start $a
# send  cc 15 12  /live/song/set/metronome $a
# send  cc 15 13  /live/song/set/midi_recording_quantization $a
# send  cc 15 14  /live/song/set/nudge_down $a
# send  cc 15 15  /live/song/set/nudge_up $a
# send  cc 15 16  /live/song/set/punch_in $a
# send  cc 15 17  /live/song/set/punch_out $a
# send  cc 15 18  /live/song/set/record_mode $a
# send  cc 15 19  /live/song/set/root_note $a
# send  cc 15 20  /live/song/set/scale_name $a
# send  cc 15 21  /live/song/set/session_record $a
# send  cc 15 22  /live/song/set/signature_denominator $a
# send  cc 15 23  /live/song/set/signature_numerator $a
# send  cc 15 24  /live/song/set/tempo $a
# send  cc 15 25  /live/song/set_or_delete_cue
# send  cc 15 27  /live/song/start_playing
# send  cc 15 28  /live/song/stop_all_clips
# send  cc 15 30  /live/song/stop_playing
# send  cc 15 31  /live/song/tap_tempo
# send  cc 15 32  /live/song/trigger_session_record
# send  cc 15 33  /live/song/undo

# ══ view ══════════════════════════════════════════════
# watch /live/view/get/selected_clip 0  ->  cc 15 34
# watch /live/view/get/selected_device 0  ->  cc 15 35
# watch /live/view/get/selected_scene 0  ->  cc 15 36
# watch /live/view/get/selected_track 0  ->  cc 15 37
# send  cc 15 38  /live/view/set/selected_clip $a
# send  cc 15 39  /live/view/set/selected_device $a
# send  cc 15 40  /live/view/set/selected_scene $a
# send  cc 15 41  /live/view/set/selected_track $a

# ══ scene ══════════════════════════════════════════════
# send  cc 15 42  /live/scene/fire $scene
# send  cc 15 43  /live/scene/fire_as_selected $scene
# send  cc 15 44  /live/scene/fire_selected $scene
# watch /live/scene/get/color 0  ->  cc 15 45
# watch /live/scene/get/color_index 0  ->  cc 15 46
# watch /live/scene/get/is_empty 0  ->  cc 15 47
# watch /live/scene/get/is_triggered 0  ->  cc 15 48
# watch /live/scene/get/name 0  ->  cc 15 49
# watch /live/scene/get/tempo 0  ->  cc 15 50
# watch /live/scene/get/tempo_enabled 0  ->  cc 15 51
# watch /live/scene/get/time_signature_denominator 0  ->  cc 15 52
# watch /live/scene/get/time_signature_enabled 0  ->  cc 15 53
# watch /live/scene/get/time_signature_numerator 0  ->  cc 15 54
# send  cc 15 55  /live/scene/set/color $scene $a
# send  cc 15 56  /live/scene/set/color_index $scene $a
# send  cc 15 57  /live/scene/set/name $scene $a
# send  cc 15 58  /live/scene/set/tempo $scene $a
# send  cc 15 59  /live/scene/set/tempo_enabled $scene $a
# send  cc 15 60  /live/scene/set/time_signature_denominator $scene $a
# send  cc 15 61  /live/scene/set/time_signature_enabled $scene $a
# send  cc 15 62  /live/scene/set/time_signature_numerator $scene $a

# ══ track ══════════════════════════════════════════════
# send  cc 15 63  /live/track/delete_clip $track
# send  cc 15 64  /live/track/delete_device $track
# watch /live/track/get/arm 0  ->  cc 15 65
# watch /live/track/get/arrangement_clips/length 0  ->  cc 15 66
# watch /live/track/get/arrangement_clips/name 0  ->  cc 15 67
# watch /live/track/get/arrangement_clips/start_time 0  ->  cc 15 68
# watch /live/track/get/available_input_routing_channels 0  ->  cc 15 69
# watch /live/track/get/available_input_routing_types 0  ->  cc 15 70
# watch /live/track/get/available_output_routing_channels 0  ->  cc 15 71
# watch /live/track/get/available_output_routing_types 0  ->  cc 15 72
# watch /live/track/get/can_be_armed 0  ->  cc 15 73
# watch /live/track/get/clips/color 0  ->  cc 15 74
# watch /live/track/get/clips/length 0  ->  cc 15 75
# watch /live/track/get/clips/name 0  ->  cc 15 76
# watch /live/track/get/color 0  ->  cc 15 77
# watch /live/track/get/color_index 0  ->  cc 15 78
# watch /live/track/get/current_monitoring_state 0  ->  cc 15 79
# watch /live/track/get/devices/can_have_chains 0  ->  cc 15 80
# watch /live/track/get/devices/class_name 0  ->  cc 15 81
# watch /live/track/get/devices/name 0  ->  cc 15 82
# watch /live/track/get/devices/type 0  ->  cc 15 83
# watch /live/track/get/fired_slot_index 0  ->  cc 15 84
# watch /live/track/get/fold_state 0  ->  cc 15 85
# watch /live/track/get/has_audio_input 0  ->  cc 15 86
# watch /live/track/get/has_audio_output 0  ->  cc 15 87
# watch /live/track/get/has_midi_input 0  ->  cc 15 88
# watch /live/track/get/has_midi_output 0  ->  cc 15 89
# watch /live/track/get/input_routing_channel 0  ->  cc 15 90
# watch /live/track/get/input_routing_type 0  ->  cc 15 91
# watch /live/track/get/is_foldable 0  ->  cc 15 92
# watch /live/track/get/is_grouped 0  ->  cc 15 93
# watch /live/track/get/is_visible 0  ->  cc 15 94
# watch /live/track/get/mute 0  ->  cc 15 95
# watch /live/track/get/name 0  ->  cc 15 96
# watch /live/track/get/num_devices 0  ->  cc 15 97
# watch /live/track/get/output_meter_left 0  ->  cc 15 98
# watch /live/track/get/output_meter_level 0  ->  cc 15 99
# watch /live/track/get/output_meter_right 0  ->  cc 15 100
# watch /live/track/get/output_routing_channel 0  ->  cc 15 101
# watch /live/track/get/output_routing_type 0  ->  cc 15 102
# watch /live/track/get/panning 0  ->  cc 15 103
# watch /live/track/get/playing_slot_index 0  ->  cc 15 104
# watch /live/track/get/send 0  ->  cc 15 105
# watch /live/track/get/solo 0  ->  cc 15 106
# watch /live/track/get/volume 0  ->  cc 15 107
# send  cc 15 108 /live/track/set/arm $track $a
# send  cc 15 109 /live/track/set/color $track $a
# send  cc 15 110 /live/track/set/color_index $track $a
# send  cc 15 111 /live/track/set/current_monitoring_state $track $a
# send  cc 15 112 /live/track/set/fold_state $track $a
# send  cc 15 113 /live/track/set/input_routing_channel $track $a
# send  cc 15 114 /live/track/set/input_routing_type $track $a
# send  cc 15 115 /live/track/set/mute $track $a
# send  cc 15 116 /live/track/set/name $track $a
# send  cc 15 117 /live/track/set/output_routing_channel $track $a
# send  cc 15 118 /live/track/set/output_routing_type $track $a
# send  cc 15 119 /live/track/set/panning $track $a
# send  cc 15 120 /live/track/set/send $track $a
# send  cc 15 121 /live/track/set/solo $track $a
# send  cc 15 122 /live/track/set/volume $track $a
# send  cc 15 123 /live/track/stop_all_clips $track

# ══ clip ══════════════════════════════════════════════
# send  cc 15 124 /live/clip/add/notes
# send  cc 15 125 /live/clip/duplicate_loop
# send  cc 15 126 /live/clip/fire
# watch /live/clip/get/color 0  ->  cc 15 127
# watch /live/clip/get/color_index 0  ->  cc 14 0
# watch /live/clip/get/end_marker 0  ->  cc 14 1
# watch /live/clip/get/end_time 0  ->  cc 14 2
# watch /live/clip/get/file_path 0  ->  cc 14 3
# watch /live/clip/get/gain 0  ->  cc 14 4
# watch /live/clip/get/gain_display_string 0  ->  cc 14 5
# watch /live/clip/get/groove 0  ->  cc 14 6
# watch /live/clip/get/has_groove 0  ->  cc 14 7
# watch /live/clip/get/is_audio_clip 0  ->  cc 14 8
# watch /live/clip/get/is_midi_clip 0  ->  cc 14 9
# watch /live/clip/get/is_overdubbing 0  ->  cc 14 10
# watch /live/clip/get/is_playing 0  ->  cc 14 11
# watch /live/clip/get/is_recording 0  ->  cc 14 12
# watch /live/clip/get/is_triggered 0  ->  cc 14 13
# watch /live/clip/get/launch_mode 0  ->  cc 14 14
# watch /live/clip/get/launch_quantization 0  ->  cc 14 15
# watch /live/clip/get/legato 0  ->  cc 14 16
# watch /live/clip/get/length 0  ->  cc 14 17
# watch /live/clip/get/loop_end 0  ->  cc 14 18
# watch /live/clip/get/loop_start 0  ->  cc 14 19
# watch /live/clip/get/looping 0  ->  cc 14 20
# watch /live/clip/get/muted 0  ->  cc 14 21
# watch /live/clip/get/name 0  ->  cc 14 22
# watch /live/clip/get/notes 0  ->  cc 14 23
# watch /live/clip/get/pitch_coarse 0  ->  cc 14 24
# watch /live/clip/get/pitch_fine 0  ->  cc 14 25
# watch /live/clip/get/playing_position 0  ->  cc 14 26
# watch /live/clip/get/position 0  ->  cc 14 27
# watch /live/clip/get/ram_mode 0  ->  cc 14 28
# watch /live/clip/get/sample_length 0  ->  cc 14 29
# watch /live/clip/get/start_marker 0  ->  cc 14 30
# watch /live/clip/get/start_time 0  ->  cc 14 31
# watch /live/clip/get/velocity_amount 0  ->  cc 14 32
# watch /live/clip/get/view 0  ->  cc 14 33
# watch /live/clip/get/warp_markers 0  ->  cc 14 34
# watch /live/clip/get/warp_mode 0  ->  cc 14 35
# watch /live/clip/get/warping 0  ->  cc 14 36
# watch /live/clip/get/will_record_on_start 0  ->  cc 14 37
# send  cc 14 38  /live/clip/remove/notes
# send  cc 14 39  /live/clip/remove_notes_by_id
# send  cc 14 40  /live/clip/set/color $a
# send  cc 14 41  /live/clip/set/color_index $a
# send  cc 14 42  /live/clip/set/end_marker $a
# send  cc 14 43  /live/clip/set/gain $a
# send  cc 14 44  /live/clip/set/launch_mode $a
# send  cc 14 45  /live/clip/set/launch_quantization $a
# send  cc 14 46  /live/clip/set/legato $a
# send  cc 14 47  /live/clip/set/loop_end $a
# send  cc 14 48  /live/clip/set/loop_start $a
# send  cc 14 49  /live/clip/set/looping $a
# send  cc 14 50  /live/clip/set/muted $a
# send  cc 14 51  /live/clip/set/name $a
# send  cc 14 52  /live/clip/set/pitch_coarse $a
# send  cc 14 53  /live/clip/set/pitch_fine $a
# send  cc 14 54  /live/clip/set/position $a
# send  cc 14 55  /live/clip/set/ram_mode $a
# send  cc 14 56  /live/clip/set/start_marker $a
# send  cc 14 57  /live/clip/set/velocity_amount $a
# send  cc 14 58  /live/clip/set/warp_mode $a
# send  cc 14 59  /live/clip/set/warping $a
# send  cc 14 60  /live/clip/stop

# ══ clip_slot ══════════════════════════════════════════════
# send  cc 14 61  /live/clip_slot/create_clip
# send  cc 14 62  /live/clip_slot/delete_clip
# send  cc 14 63  /live/clip_slot/duplicate_clip_to
# send  cc 14 64  /live/clip_slot/fire
# watch /live/clip_slot/get/controls_other_clips 0  ->  cc 14 65
# watch /live/clip_slot/get/has_clip 0  ->  cc 14 66
# watch /live/clip_slot/get/has_stop_button 0  ->  cc 14 67
# watch /live/clip_slot/get/is_group_slot 0  ->  cc 14 68
# watch /live/clip_slot/get/is_playing 0  ->  cc 14 69
# watch /live/clip_slot/get/is_triggered 0  ->  cc 14 70
# watch /live/clip_slot/get/playing_status 0  ->  cc 14 71
# watch /live/clip_slot/get/will_record_on_start 0  ->  cc 14 72
# send  cc 14 73  /live/clip_slot/set/has_stop_button $a
# send  cc 14 74  /live/clip_slot/stop

# ══ device ══════════════════════════════════════════════
# watch /live/device/get/class_name 0  ->  cc 14 75
# watch /live/device/get/name 0  ->  cc 14 76
# watch /live/device/get/num_parameters 0  ->  cc 14 77
# watch /live/device/get/parameter/name 0  ->  cc 14 78
# watch /live/device/get/parameter/value 0  ->  cc 14 79
# watch /live/device/get/parameter/value_string 0  ->  cc 14 80
# watch /live/device/get/parameters/is_quantized 0  ->  cc 14 81
# watch /live/device/get/parameters/max 0  ->  cc 14 82
# watch /live/device/get/parameters/min 0  ->  cc 14 83
# watch /live/device/get/parameters/name 0  ->  cc 14 84
# watch /live/device/get/parameters/value 0  ->  cc 14 85
# watch /live/device/get/type 0  ->  cc 14 86
# send  cc 14 87  /live/device/set/parameter/value $a
# send  cc 14 88  /live/device/set/parameters/value $a

# ══ application ══════════════════════════════════════════════
# watch /live/application/get/average_process_usage 0  ->  cc 14 91
# watch /live/application/get/version 0  ->  cc 14 92

# ══ clips ══════════════════════════════════════════════
# send  cc 14 93  /live/clips/filter
# send  cc 14 94  /live/clips/unfilter

# ══ midimap ══════════════════════════════════════════════
# send  cc 14 95  /live/midimap/map_cc
